// Jest Snapshot v1, https://goo.gl/fbAQLP

exports[`<Title /> should be able to mount <Title /> component 1`] = `
<DocumentFragment>
  .c0 {
  font-size: 32pt;
  color: #1c1c1c;
}

<h1
    class="c0"
  >
    Hello world
  </h1>
</DocumentFragment>
`;
